---------------------------------------------------------------------------------------------------------------------------------
      name:  <unnamed>
       log:  /Users/wangjunjie/Desktop/大二下/大二下课程/产业分析/小组/project2/data_tfp/robustness check.log
  log type:  text
 opened on:  18 Jun 2020, 23:55:37

. do "/var/folders/47/26nsqlt51z34fctw_snpx1rm0000gn/T//SD55364.000000"

. // robustness check
. 
. // 产业指标下的退出率
. 
. // 时间异质性
. //
. local time 2001

. reg exit_rate ///
> tfp entry_rate ///
> mean_invest mean_fix_assets acc_receivable_indus ass_indus ///
> income_indus cost_indus material_indus ///
> entry_sunk_cost ///
> wage wage_emp, ///
> r

Linear regression                               Number of obs     =        316
                                                F(12, 303)        =      20.08
                                                Prob > F          =     0.0000
                                                R-squared         =     0.4239
                                                Root MSE          =     .02703

--------------------------------------------------------------------------------------
                     |               Robust
           exit_rate |      Coef.   Std. Err.      t    P>|t|     [95% Conf. Interval]
---------------------+----------------------------------------------------------------
                 tfp |  -.0007951   .0040983    -0.19   0.846    -.0088599    .0072697
          entry_rate |    .038811   .0276409     1.40   0.161    -.0155813    .0932034
         mean_invest |   32.20371   10.19582     3.16   0.002     12.14013    52.26728
     mean_fix_assets |   1.660645   2.019176     0.82   0.411    -2.312738    5.634027
acc_receivable_indus |  -48.73662   14.52361    -3.36   0.001    -77.31653    -20.1567
           ass_indus |   8.594222   1.886623     4.56   0.000      4.88168    12.30676
        income_indus |  -6.929036   1.505252    -4.60   0.000    -9.891107   -3.966965
          cost_indus |  -12.66773   5.644266    -2.24   0.026    -23.77465   -1.560805
      material_indus |   17.30843   6.806598     2.54   0.011     3.914243    30.70262
     entry_sunk_cost |  -.0012828   .0002082    -6.16   0.000    -.0016925    -.000873
                wage |  -.0037125   .0018876    -1.97   0.050     -.007427    1.94e-06
            wage_emp |   .3643384   .0519811     7.01   0.000     .2620488    .4666281
               _cons |   .0187193   .0340886     0.55   0.583    -.0483611    .0857997
--------------------------------------------------------------------------------------

. 
. est store Orig

. 
. reg exit_rate ///
> tfp entry_rate ///
> mean_invest mean_fix_assets acc_receivable_indus ass_indus ///
> income_indus cost_indus material_indus ///
> entry_sunk_cost ///
> wage wage_emp ///
> if year > `time', ///
> r

Linear regression                               Number of obs     =        196
                                                F(12, 183)        =      13.68
                                                Prob > F          =     0.0000
                                                R-squared         =     0.2948
                                                Root MSE          =     .02849

--------------------------------------------------------------------------------------
                     |               Robust
           exit_rate |      Coef.   Std. Err.      t    P>|t|     [95% Conf. Interval]
---------------------+----------------------------------------------------------------
                 tfp |   .0069401   .0047235     1.47   0.143    -.0023795    .0162596
          entry_rate |   .0168027   .0270412     0.62   0.535      -.03655    .0701553
         mean_invest |   33.43628   8.355655     4.00   0.000     16.95047    49.92209
     mean_fix_assets |    1.66048   2.802152     0.59   0.554    -3.868199    7.189159
acc_receivable_indus |  -57.29711   26.01338    -2.20   0.029    -108.6218   -5.972393
           ass_indus |   8.906544   2.292441     3.89   0.000     4.383532    13.42956
        income_indus |  -7.262411   2.708129    -2.68   0.008    -12.60558    -1.91924
          cost_indus |  -8.362376   5.258054    -1.59   0.113    -18.73658    2.011827
      material_indus |   11.33847   5.936199     1.91   0.058    -.3737191    23.05066
     entry_sunk_cost |  -.0015216   .0003192    -4.77   0.000    -.0021514   -.0008918
                wage |  -.0027802   .0032451    -0.86   0.393    -.0091828    .0036224
            wage_emp |   .3031358   .1534197     1.98   0.050     .0004369    .6058346
               _cons |   -.040324   .0446725    -0.90   0.368    -.1284633    .0478153
--------------------------------------------------------------------------------------

. 
. est store After

. 
. reg exit_rate ///
> tfp entry_rate ///
> mean_invest mean_fix_assets acc_receivable_indus ass_indus ///
> income_indus cost_indus material_indus ///
> entry_sunk_cost ///
> wage wage_emp ///
> if year <= `time', ///
> r

Linear regression                               Number of obs     =        120
                                                F(12, 107)        =      21.18
                                                Prob > F          =     0.0000
                                                R-squared         =     0.6513
                                                Root MSE          =     .02122

--------------------------------------------------------------------------------------
                     |               Robust
           exit_rate |      Coef.   Std. Err.      t    P>|t|     [95% Conf. Interval]
---------------------+----------------------------------------------------------------
                 tfp |  -.0169835   .0045963    -3.70   0.000    -.0260952   -.0078718
          entry_rate |   .1104511   .0478904     2.31   0.023      .015514    .2053881
         mean_invest |  -82.66424   82.09665    -1.01   0.316    -245.4113     80.0828
     mean_fix_assets |  -62.31978   29.43917    -2.12   0.037    -120.6795   -3.960056
acc_receivable_indus |  -183.5318   52.06508    -3.53   0.001    -286.7447   -80.31882
           ass_indus |   59.77294   28.54235     2.09   0.039     3.191066    116.3548
        income_indus |  -.6073049   10.33118    -0.06   0.953    -21.08766    19.87305
          cost_indus |  -32.22244   17.79818    -1.81   0.073    -67.50526    3.060385
      material_indus |   37.33141   24.56509     1.52   0.132    -11.36601    86.02883
     entry_sunk_cost |  -.0006879   .0003703    -1.86   0.066     -.001422    .0000462
                wage |  -.0046798   .0066306    -0.71   0.482    -.0178242    .0084646
            wage_emp |   .4201026   .0762524     5.51   0.000     .2689412     .571264
               _cons |   .1315596   .0376479     3.49   0.001      .056927    .2061922
--------------------------------------------------------------------------------------

. 
. est store Before

. 
. esttab After Before Orig , se ar2 mtitle

------------------------------------------------------------
                      (1)             (2)             (3)   
                    After          Before            Orig   
------------------------------------------------------------
tfp               0.00694         -0.0170***    -0.000795   
                (0.00472)       (0.00460)       (0.00410)   

entry_rate         0.0168           0.110*         0.0388   
                 (0.0270)        (0.0479)        (0.0276)   

mean_invest         33.44***       -82.66           32.20** 
                  (8.356)         (82.10)         (10.20)   

mean_fix_a~s        1.660          -62.32*          1.661   
                  (2.802)         (29.44)         (2.019)   

acc_receiv~s       -57.30*         -183.5***       -48.74***
                  (26.01)         (52.07)         (14.52)   

ass_indus           8.907***        59.77*          8.594***
                  (2.292)         (28.54)         (1.887)   

income_indus       -7.262**        -0.607          -6.929***
                  (2.708)         (10.33)         (1.505)   

cost_indus         -8.362          -32.22          -12.67*  
                  (5.258)         (17.80)         (5.644)   

material_i~s        11.34           37.33           17.31*  
                  (5.936)         (24.57)         (6.807)   

entry_sunk~t     -0.00152***    -0.000688        -0.00128***
               (0.000319)      (0.000370)      (0.000208)   

wage             -0.00278        -0.00468        -0.00371   
                (0.00325)       (0.00663)       (0.00189)   

wage_emp            0.303*          0.420***        0.364***
                  (0.153)        (0.0763)        (0.0520)   

_cons             -0.0403           0.132***       0.0187   
                 (0.0447)        (0.0376)        (0.0341)   
------------------------------------------------------------
N                     196             120             316   
adj. R-sq           0.249           0.612           0.401   
------------------------------------------------------------
Standard errors in parentheses
* p<0.05, ** p<0.01, *** p<0.001

. 
. 
. // 时间异质性
. //
. local indus 26

. local indus_u 31

. 
. xtreg exit_rate ///
> tfp entry_rate ///
> mean_invest mean_fix_assets acc_receivable_indus ass_indus ///
> income_indus cost_indus material_indus ///
> entry_sunk_cost ///
> wage wage_emp ///
> if id1_indus > `indus_u', ///
> re 

Random-effects GLS regression                   Number of obs     =        112
Group variable: id1_indus                       Number of groups  =         14

R-sq:                                           Obs per group:
     within  = 0.4499                                         min =          8
     between = 0.0031                                         avg =        8.0
     overall = 0.2760                                         max =          8

                                                Wald chi2(12)     =      68.56
corr(u_i, X)   = 0 (assumed)                    Prob > chi2       =     0.0000

--------------------------------------------------------------------------------------
           exit_rate |      Coef.   Std. Err.      z    P>|z|     [95% Conf. Interval]
---------------------+----------------------------------------------------------------
                 tfp |    -.00088   .0057511    -0.15   0.878    -.0121521     .010392
          entry_rate |   .0043978   .0332238     0.13   0.895    -.0607197    .0695153
         mean_invest |   28.76972   14.06335     2.05   0.041     1.206066    56.33338
     mean_fix_assets |   .5759979   12.82982     0.04   0.964    -24.56999    25.72199
acc_receivable_indus |   13.22008    23.4435     0.56   0.573    -32.72833    59.16848
           ass_indus |   3.209876   10.76026     0.30   0.765    -17.87985    24.29961
        income_indus |  -34.64862   59.87637    -0.58   0.563    -152.0041    82.70691
          cost_indus |   43.26335   60.51056     0.71   0.475    -75.33516    161.8619
      material_indus |  -11.55437   20.03833    -0.58   0.564    -50.82878    27.72003
     entry_sunk_cost |  -.0009762   .0005254    -1.86   0.063     -.002006    .0000536
                wage |  -.0010296   .0087325    -0.12   0.906    -.0181449    .0160856
            wage_emp |   .2914221   .0832688     3.50   0.000     .1282182     .454626
               _cons |   .0246335   .0487151     0.51   0.613    -.0708464    .1201134
---------------------+----------------------------------------------------------------
             sigma_u |  .00918452
             sigma_e |  .01176508
                 rho |  .37866182   (fraction of variance due to u_i)
--------------------------------------------------------------------------------------

. 
. est store hard_Manu

. 
. xtreg exit_rate ///
> tfp entry_rate ///
> mean_invest mean_fix_assets acc_receivable_indus ass_indus ///
> income_indus cost_indus material_indus ///
> entry_sunk_cost ///
> wage wage_emp ///
> if id1_indus <= `indus', ///
> re 

Random-effects GLS regression                   Number of obs     =        164
Group variable: id1_indus                       Number of groups  =         21

R-sq:                                           Obs per group:
     within  = 0.4566                                         min =          4
     between = 0.5300                                         avg =        7.8
     overall = 0.4508                                         max =          8

                                                Wald chi2(12)     =     128.11
corr(u_i, X)   = 0 (assumed)                    Prob > chi2       =     0.0000

--------------------------------------------------------------------------------------
           exit_rate |      Coef.   Std. Err.      z    P>|z|     [95% Conf. Interval]
---------------------+----------------------------------------------------------------
                 tfp |   -.004766   .0049897    -0.96   0.339    -.0145457    .0050137
          entry_rate |   .0765667   .0394684     1.94   0.052      -.00079    .1539235
         mean_invest |   48.16106   13.96224     3.45   0.001     20.79558    75.52654
     mean_fix_assets |   .9401545   3.255113     0.29   0.773     -5.43975    7.320059
acc_receivable_indus |  -55.26824   32.43238    -1.70   0.088    -118.8345    8.298065
           ass_indus |    6.84293   3.043297     2.25   0.025     .8781775    12.80768
        income_indus |  -4.025248   2.468433    -1.63   0.103    -8.863288    .8127911
          cost_indus |   4.535432   9.529955     0.48   0.634    -14.14294     23.2138
      material_indus |  -3.575281   11.41033    -0.31   0.754    -25.93912    18.78855
     entry_sunk_cost |   .0013448   .0020595     0.65   0.514    -.0026917    .0053813
                wage |  -.0078541   .0027432    -2.86   0.004    -.0132306   -.0024776
            wage_emp |   .3181035   .0695113     4.58   0.000     .1818638    .4543432
               _cons |   .0549924   .0429919     1.28   0.201    -.0292701     .139255
---------------------+----------------------------------------------------------------
             sigma_u |  .01461729
             sigma_e |  .02726344
                 rho |   .2232749   (fraction of variance due to u_i)
--------------------------------------------------------------------------------------

. 
. est store soft_Manu

. 
. esttab hard_Manu soft_Manu Orig , se ar2 mtitle

------------------------------------------------------------
                      (1)             (2)             (3)   
                hard_Manu       soft_Manu            Orig   
------------------------------------------------------------
tfp             -0.000880        -0.00477       -0.000795   
                (0.00575)       (0.00499)       (0.00410)   

entry_rate        0.00440          0.0766          0.0388   
                 (0.0332)        (0.0395)        (0.0276)   

mean_invest         28.77*          48.16***        32.20** 
                  (14.06)         (13.96)         (10.20)   

mean_fix_a~s        0.576           0.940           1.661   
                  (12.83)         (3.255)         (2.019)   

acc_receiv~s        13.22          -55.27          -48.74***
                  (23.44)         (32.43)         (14.52)   

ass_indus           3.210           6.843*          8.594***
                  (10.76)         (3.043)         (1.887)   

income_indus       -34.65          -4.025          -6.929***
                  (59.88)         (2.468)         (1.505)   

cost_indus          43.26           4.535          -12.67*  
                  (60.51)         (9.530)         (5.644)   

material_i~s       -11.55          -3.575           17.31*  
                  (20.04)         (11.41)         (6.807)   

entry_sunk~t    -0.000976         0.00134        -0.00128***
               (0.000525)       (0.00206)      (0.000208)   

wage             -0.00103        -0.00785**      -0.00371   
                (0.00873)       (0.00274)       (0.00189)   

wage_emp            0.291***        0.318***        0.364***
                 (0.0833)        (0.0695)        (0.0520)   

_cons              0.0246          0.0550          0.0187   
                 (0.0487)        (0.0430)        (0.0341)   
------------------------------------------------------------
N                     112             164             316   
adj. R-sq                                           0.401   
------------------------------------------------------------
Standard errors in parentheses
* p<0.05, ** p<0.01, *** p<0.001

. 
end of do-file

. log close
      name:  <unnamed>
       log:  /Users/wangjunjie/Desktop/大二下/大二下课程/产业分析/小组/project2/data_tfp/robustness check.log
  log type:  text
 closed on:  18 Jun 2020, 23:55:48
---------------------------------------------------------------------------------------------------------------------------------
