--------------------------------------------------------------------------------------------------------
      name:  <unnamed>
       log:  /Users/wangjunjie/Desktop/大二下/大二下课程/产业分析/小组/project2/data_tfp/workinglog.log
  log type:  text
 opened on:  18 Jun 2020, 09:13:44

. do "/var/folders/47/26nsqlt51z34fctw_snpx1rm0000gn/T//SD55364.000000"

. // PART1: TFP与行业进入退出率的关系
. // 结果
. 
. xtreg tfp ///
> exit_rate entry_rate ///
> mean_invest mean_fix_assets acc_receivable_indus ass_indus ///
> income_indus cost_indus material_indus ///
> entry_sunk_cost ///
> wage employee, ///
> fe r

Fixed-effects (within) regression               Number of obs     =        316
Group variable: id1_indus                       Number of groups  =         40

R-sq:                                           Obs per group:
     within  = 0.6998                                         min =          4
     between = 0.1138                                         avg =        7.9
     overall = 0.2100                                         max =          8

                                                F(12,39)          =     243.82
corr(u_i, Xb)  = -0.1925                        Prob > F          =     0.0000

                                     (Std. Err. adjusted for 40 clusters in id1_indus)
--------------------------------------------------------------------------------------
                     |               Robust
                 tfp |      Coef.   Std. Err.      t    P>|t|     [95% Conf. Interval]
---------------------+----------------------------------------------------------------
           exit_rate |  -3.493292   1.323113    -2.64   0.012     -6.16954   -.8170439
          entry_rate |    3.56193   .4079002     8.73   0.000     2.736874    4.386986
         mean_invest |   1.57e-07   7.83e-07     0.20   0.842    -1.43e-06    1.74e-06
     mean_fix_assets |  -4.61e-07   4.78e-07    -0.96   0.341    -1.43e-06    5.06e-07
acc_receivable_indus |   4.10e-06   4.32e-06     0.95   0.348    -4.64e-06    .0000128
           ass_indus |   2.87e-07   5.20e-07     0.55   0.584    -7.64e-07    1.34e-06
        income_indus |  -2.18e-06   6.84e-07    -3.19   0.003    -3.56e-06   -7.96e-07
          cost_indus |   5.55e-07   1.05e-06     0.53   0.601    -1.57e-06    2.68e-06
      material_indus |   4.68e-06   1.08e-06     4.33   0.000     2.50e-06    6.87e-06
     entry_sunk_cost |   2.55e-06   6.79e-07     3.76   0.001     1.18e-06    3.92e-06
                wage |   .0000212   6.67e-06     3.18   0.003     7.69e-06    .0000347
            employee |  -.0003848   .0001894    -2.03   0.049    -.0007679   -1.63e-06
               _cons |   7.758261   .1129493    68.69   0.000       7.5298    7.986723
---------------------+----------------------------------------------------------------
             sigma_u |    .732457
             sigma_e |  .25121568
                 rho |  .89474809   (fraction of variance due to u_i)
--------------------------------------------------------------------------------------

. est store TFP

. 
. // PART2: 什么决定了行业的进入与退出率
. // 
. 
. 
. 
. // 1. 行业内部
. // 退出率与行业内进入率（+）、TFP（-）
. // 平均投资（+）、平均应收款（-）、平均资产（+）
. // 平均工资（-）显著相关
. 
. xtreg exit_rate ///
> tfp entry_rate ///
> mean_invest mean_fix_assets acc_receivable_indus ass_indus ///
> income_indus cost_indus material_indus ///
> entry_sunk_cost ///
> wage employee, ///
> fe r

Fixed-effects (within) regression               Number of obs     =        316
Group variable: id1_indus                       Number of groups  =         40

R-sq:                                           Obs per group:
     within  = 0.4163                                         min =          4
     between = 0.0413                                         avg =        7.9
     overall = 0.1516                                         max =          8

                                                F(11,39)          =          .
corr(u_i, Xb)  = -0.5041                        Prob > F          =          .

                                     (Std. Err. adjusted for 40 clusters in id1_indus)
--------------------------------------------------------------------------------------
                     |               Robust
           exit_rate |      Coef.   Std. Err.      t    P>|t|     [95% Conf. Interval]
---------------------+----------------------------------------------------------------
                 tfp |  -.0279514   .0073285    -3.81   0.000    -.0427746   -.0131281
          entry_rate |   .0751296   .0158925     4.73   0.000      .042984    .1072752
         mean_invest |   3.39e-07   7.04e-08     4.82   0.000     1.97e-07    4.81e-07
     mean_fix_assets |   4.20e-09   4.35e-08     0.10   0.924    -8.38e-08    9.22e-08
acc_receivable_indus |  -5.71e-07   2.80e-07    -2.04   0.049    -1.14e-06   -3.70e-09
           ass_indus |   7.00e-08   3.21e-08     2.18   0.035     5.09e-09    1.35e-07
        income_indus |  -5.20e-08   3.58e-08    -1.45   0.154    -1.24e-07    2.03e-08
          cost_indus |   8.38e-08   6.51e-08     1.29   0.205    -4.78e-08    2.15e-07
      material_indus |  -5.12e-08   1.07e-07    -0.48   0.636    -2.68e-07    1.66e-07
     entry_sunk_cost |   3.05e-08   3.27e-08     0.93   0.357    -3.57e-08    9.67e-08
                wage |  -8.15e-07   3.77e-07    -2.16   0.037    -1.58e-06   -5.11e-08
            employee |  -5.15e-07   8.68e-06    -0.06   0.953    -.0000181     .000017
               _cons |   .2762313   .0587751     4.70   0.000     .1573475    .3951151
---------------------+----------------------------------------------------------------
             sigma_u |  .02976032
             sigma_e |  .02247144
                 rho |  .63688311   (fraction of variance due to u_i)
--------------------------------------------------------------------------------------

. 
. est store EXIT_indus

. 
. // 进入率与行业内退出率（+）、TFP（+）
. // 平均应收款（-）、平均主营业务收入（+）、平均中间品价格（-）
. // 进入沉没成本（-）
. // 平均工资（-）、平均雇员（+）
. 
. xtreg entry_rate ///
> tfp exit_rate ///
> mean_invest mean_fix_assets acc_receivable_indus ass_indus ///
> income_indus cost_indus material_indus ///
> entry_sunk_cost ///
> wage employee, ///
> fe r

Fixed-effects (within) regression               Number of obs     =        316
Group variable: id1_indus                       Number of groups  =         40

R-sq:                                           Obs per group:
     within  = 0.5380                                         min =          4
     between = 0.2019                                         avg =        7.9
     overall = 0.2267                                         max =          8

                                                F(12,39)          =     358.97
corr(u_i, Xb)  = -0.8126                        Prob > F          =     0.0000

                                     (Std. Err. adjusted for 40 clusters in id1_indus)
--------------------------------------------------------------------------------------
                     |               Robust
          entry_rate |      Coef.   Std. Err.      t    P>|t|     [95% Conf. Interval]
---------------------+----------------------------------------------------------------
                 tfp |   .1267204   .0130872     9.68   0.000      .100249    .1531918
           exit_rate |   .3340442   .1079401     3.09   0.004     .1157148    .5523737
         mean_invest |   2.06e-08   9.86e-08     0.21   0.836    -1.79e-07    2.20e-07
     mean_fix_assets |  -5.57e-09   3.59e-08    -0.16   0.878    -7.83e-08    6.71e-08
acc_receivable_indus |  -1.13e-06   4.23e-07    -2.67   0.011    -1.98e-06   -2.72e-07
           ass_indus |   2.68e-08   2.76e-08     0.97   0.339    -2.91e-08    8.26e-08
        income_indus |   1.52e-07   5.20e-08     2.93   0.006     4.70e-08    2.57e-07
          cost_indus |   1.92e-09   1.06e-07     0.02   0.986    -2.13e-07    2.17e-07
      material_indus |  -3.61e-07   1.39e-07    -2.60   0.013    -6.42e-07   -7.99e-08
     entry_sunk_cost |  -4.19e-07   4.56e-08    -9.18   0.000    -5.11e-07   -3.26e-07
                wage |  -2.46e-06   6.23e-07    -3.94   0.000    -3.72e-06   -1.20e-06
            employee |   .0000281   .0000121     2.33   0.025     3.67e-06    .0000525
               _cons |  -.8732671   .1091036    -8.00   0.000     -1.09395   -.6525841
---------------------+----------------------------------------------------------------
             sigma_u |  .10800419
             sigma_e |  .04738352
                 rho |  .83859227   (fraction of variance due to u_i)
--------------------------------------------------------------------------------------

. 
. est store ENTRY_indus

. 
. // 2.宏观市场
. 
. // 退出率与行业总体进入率（+）
. // 平均固定成本（+）、平均应收款（+）
. // 平均主营业务收入（-）、平均主营业务费用（+）
. // 平均工资（-）、平均雇员（+）
. 
. xtreg exit_rate ///
> tfp entry_rate ///
> invest_mean_all fix_invest_mean_all acc_receivable_indus_all ass_all ///
> income_indus_all cost_main_al material_indus_all ///
> entry_sunk_cost ///
> wage employee, ///
> fe r

Fixed-effects (within) regression               Number of obs     =        316
Group variable: id1_indus                       Number of groups  =         40

R-sq:                                           Obs per group:
     within  = 0.5078                                         min =          4
     between = 0.0267                                         avg =        7.9
     overall = 0.1795                                         max =          8

                                                F(12,39)          =      52.23
corr(u_i, Xb)  = -0.2501                        Prob > F          =     0.0000

                                         (Std. Err. adjusted for 40 clusters in id1_indus)
------------------------------------------------------------------------------------------
                         |               Robust
               exit_rate |      Coef.   Std. Err.      t    P>|t|     [95% Conf. Interval]
-------------------------+----------------------------------------------------------------
                     tfp |  -.0054793    .014796    -0.37   0.713    -.0354069    .0244484
              entry_rate |   .1196899   .0496771     2.41   0.021     .0192084    .2201714
         invest_mean_all |   9.09e-07   3.94e-06     0.23   0.819    -7.07e-06    8.89e-06
     fix_invest_mean_all |   4.42e-06   2.00e-06     2.21   0.033     3.82e-07    8.46e-06
acc_receivable_indus_all |   .0000465   .0000147     3.16   0.003     .0000167    .0000763
                 ass_all |  -2.45e-06   2.18e-06    -1.12   0.268    -6.87e-06    1.96e-06
        income_indus_all |  -.0000371   .0000128    -2.90   0.006     -.000063   -.0000113
            cost_main_al |   .0000514    .000024     2.15   0.038     2.99e-06    .0000999
      material_indus_all |  -.0000112    .000011    -1.02   0.315    -.0000334     .000011
         entry_sunk_cost |   6.24e-08   1.06e-07     0.59   0.559    -1.52e-07    2.76e-07
                    wage |  -6.47e-07   1.94e-07    -3.34   0.002    -1.04e-06   -2.55e-07
                employee |   9.11e-06   2.78e-06     3.27   0.002     3.48e-06    .0000147
                   _cons |  -.1168849   .1045445    -1.12   0.270    -.3283462    .0945763
-------------------------+----------------------------------------------------------------
                 sigma_u |  .02791945
                 sigma_e |  .02063369
                     rho |  .64675301   (fraction of variance due to u_i)
------------------------------------------------------------------------------------------

. 
. est store EXIT_all

. 
. // 进入率与行业总体所有指标显著相关
. 
. xtreg entry_rate ///
> tfp exit_rate ///
> invest_mean_all fix_invest_mean_all acc_receivable_indus_all ass_all ///
> income_indus_all cost_main_al material_indus_all ///
> entry_sunk_cost, ///
> fe r

Fixed-effects (within) regression               Number of obs     =        316
Group variable: id1_indus                       Number of groups  =         40

R-sq:                                           Obs per group:
     within  = 0.6133                                         min =          4
     between = 0.2949                                         avg =        7.9
     overall = 0.4291                                         max =          8

                                                F(10,39)          =      80.39
corr(u_i, Xb)  = -0.3186                        Prob > F          =     0.0000

                                         (Std. Err. adjusted for 40 clusters in id1_indus)
------------------------------------------------------------------------------------------
                         |               Robust
              entry_rate |      Coef.   Std. Err.      t    P>|t|     [95% Conf. Interval]
-------------------------+----------------------------------------------------------------
                     tfp |   .0679123   .0325613     2.09   0.044     .0020509    .1337737
               exit_rate |   .6054395   .1786996     3.39   0.002     .2439854    .9668936
         invest_mean_all |   .0000146   4.45e-06     3.28   0.002     5.61e-06    .0000236
     fix_invest_mean_all |  -.0000111   2.20e-06    -5.04   0.000    -.0000156   -6.65e-06
acc_receivable_indus_all |  -.0000985   .0000217    -4.54   0.000    -.0001425   -.0000546
                 ass_all |   6.96e-06   2.75e-06     2.53   0.016     1.39e-06    .0000125
        income_indus_all |    .000066    .000018     3.66   0.001     .0000296    .0001025
            cost_main_al |  -.0001124   .0000283    -3.97   0.000    -.0001695   -.0000552
      material_indus_all |   .0000436    .000016     2.73   0.010     .0000112     .000076
         entry_sunk_cost |  -2.65e-07   6.74e-08    -3.93   0.000    -4.01e-07   -1.28e-07
                   _cons |  -.1300014   .3283771    -0.40   0.694    -.7942068     .534204
-------------------------+----------------------------------------------------------------
                 sigma_u |  .05606173
                 sigma_e |  .04318975
                     rho |  .62754531   (fraction of variance due to u_i)
------------------------------------------------------------------------------------------

. 
. est store ENTRY_all

. 
. esttab TFP,se ar2 mtitle

----------------------------
                      (1)   
                      TFP   
----------------------------
exit_rate          -3.493*  
                  (1.323)   

entry_rate          3.562***
                  (0.408)   

mean_invest   0.000000157   
             (0.000000783)   

mean_fix_a~s -0.000000461   
             (0.000000478)   

acc_receiv~s   0.00000410   
             (0.00000432)   

ass_indus     0.000000287   
             (0.000000520)   

income_indus  -0.00000218** 
             (0.000000684)   

cost_indus    0.000000555   
             (0.00000105)   

material_i~s   0.00000468***
             (0.00000108)   

entry_sunk~t   0.00000255***
             (0.000000679)   

wage            0.0000212** 
             (0.00000667)   

employee        -0.000385*  
               (0.000189)   

_cons               7.758***
                  (0.113)   
----------------------------
N                     316   
adj. R-sq           0.688   
----------------------------
Standard errors in parentheses
* p<0.05, ** p<0.01, *** p<0.001

. esttab EXIT_indus EXIT_all ENTRY_indus ENTRY_all, se ar2 mtitle

----------------------------------------------------------------------------
                      (1)             (2)             (3)             (4)   
               EXIT_indus        EXIT_all     ENTRY_indus       ENTRY_all   
----------------------------------------------------------------------------
tfp               -0.0280***     -0.00548           0.127***       0.0679*  
                (0.00733)        (0.0148)        (0.0131)        (0.0326)   

entry_rate         0.0751***        0.120*                                  
                 (0.0159)        (0.0497)                                   

mean_invest   0.000000339***                     2.06e-08                   
               (7.04e-08)                      (9.86e-08)                   

mean_fix_a~s     4.20e-09                       -5.57e-09                   
               (4.35e-08)                      (3.59e-08)                   

acc_receiv~s -0.000000571*                    -0.00000113*                  
             (0.000000280)                    (0.000000423)                   

ass_indus        7.00e-08*                       2.68e-08                   
               (3.21e-08)                      (2.76e-08)                   

income_indus    -5.20e-08                     0.000000152**                 
               (3.58e-08)                      (5.20e-08)                   

cost_indus       8.38e-08                        1.92e-09                   
               (6.51e-08)                    (0.000000106)                   

material_i~s    -5.12e-08                    -0.000000361*                  
             (0.000000107)                    (0.000000139)                   

entry_sunk~t     3.05e-08        6.24e-08    -0.000000419*** -0.000000265***
               (3.27e-08)    (0.000000106)      (4.56e-08)      (6.74e-08)   

wage         -0.000000815*   -0.000000647**   -0.00000246***                
             (0.000000377)    (0.000000194)    (0.000000623)                   

employee     -0.000000515      0.00000911**     0.0000281*                  
             (0.00000868)    (0.00000278)     (0.0000121)                   

invest_mea~l                  0.000000909                       0.0000146** 
                             (0.00000394)                    (0.00000445)   

fix_invest~l                   0.00000442*                     -0.0000111***
                             (0.00000200)                    (0.00000220)   

acc_receiv~l                    0.0000465**                    -0.0000985***
                              (0.0000147)                     (0.0000217)   

ass_all                       -0.00000245                      0.00000696*  
                             (0.00000218)                    (0.00000275)   

income_ind~l                   -0.0000371**                     0.0000660***
                              (0.0000128)                     (0.0000180)   

cost_main_al                    0.0000514*                      -0.000112***
                              (0.0000240)                     (0.0000283)   

material_i~l                   -0.0000112                       0.0000436** 
                              (0.0000110)                     (0.0000160)   

exit_rate                                           0.334**         0.605** 
                                                  (0.108)         (0.179)   

_cons               0.276***       -0.117          -0.873***       -0.130   
                 (0.0588)         (0.105)         (0.109)         (0.328)   
----------------------------------------------------------------------------
N                     316             316             316             316   
adj. R-sq           0.393           0.488           0.520           0.601   
----------------------------------------------------------------------------
Standard errors in parentheses
* p<0.05, ** p<0.01, *** p<0.001

. 
. esttab TFP using tfp.rtf,se ar2 mtitle
(output written to tfp.rtf)

. esttab EXIT_indus EXIT_all ENTRY_indus ENTRY_all using exit_entry.rtf, se ar2 mtitle
(output written to exit_entry.rtf)

. 
end of do-file

. log close
      name:  <unnamed>
       log:  /Users/wangjunjie/Desktop/大二下/大二下课程/产业分析/小组/project2/data_tfp/workinglog.log
  log type:  text
 closed on:  18 Jun 2020, 09:14:08
--------------------------------------------------------------------------------------------------------
